Clock: core_clock
Sources: clk 
Generated: no
Virtual: yes
Propagated: no
Period: 3.000000

===========================================================================
report_clock_properties
============================================================================
Clock                   Period          Waveform
----------------------------------------------------
core_clock            3.000000    0.000000  1.500000

===========================================================================
report_clock_latency
============================================================================
Clock core_clock
rise -> rise
    min     max
0.000000 0.000000 source latency
0.310785         network latency _424_/CLK
        0.315804 network latency _397_/CLK
---------------
0.310785 0.315804 latency
        0.005019 skew

fall -> fall
    min     max
0.000000 0.000000 source latency
0.321938         network latency _424_/CLK
        0.325888 network latency _397_/CLK
---------------
0.321938 0.325888 latency
        0.003950 skew



===========================================================================
report_clock_min_period
============================================================================
core_clock period_min = 1.34 fmax = 747.97
