Clock: core_clock
Sources: clk 
Generated: no
Virtual: yes
Propagated: no
Period: 3.000000

===========================================================================
report_clock_properties
============================================================================
Clock                   Period          Waveform
----------------------------------------------------
core_clock            3.000000    0.000000  1.500000

===========================================================================
report_clock_latency
============================================================================
Clock core_clock
rise -> rise
    min     max
0.000000 0.000000 source latency
0.222077         network latency _437_/CLK
        0.228791 network latency _397_/CLK
---------------
0.222077 0.228791 latency
        0.006714 skew

fall -> fall
    min     max
0.000000 0.000000 source latency
0.227538         network latency _424_/CLK
        0.233273 network latency _397_/CLK
---------------
0.227538 0.233273 latency
        0.005734 skew



===========================================================================
report_clock_min_period
============================================================================
core_clock period_min = 0.84 fmax = 1189.03
