
===========================================================================
 report_power
============================================================================
======================= max_ff_n40C_1v95 Corner ===================================

Group                    Internal    Switching      Leakage        Total
                            Power        Power        Power        Power (Watts)
------------------------------------------------------------------------
Sequential           1.268433e-03 4.657674e-05 1.147413e-09 1.315011e-03  44.6%
Combinational        1.054748e-04 6.882043e-05 1.411751e-09 1.742967e-04   5.9%
Clock                9.764191e-04 4.819765e-04 1.937336e-09 1.458397e-03  49.5%
Macro                0.000000e+00 0.000000e+00 0.000000e+00 0.000000e+00   0.0%
Pad                  0.000000e+00 0.000000e+00 0.000000e+00 0.000000e+00   0.0%
------------------------------------------------------------------------
Total                2.350327e-03 5.973737e-04 4.496500e-09 2.947705e-03 100.0%
                            79.7%        20.3%         0.0%

