Clock: core_clock
Sources: clk 
Generated: no
Virtual: yes
Propagated: no
Period: 3.000000

===========================================================================
report_clock_properties
============================================================================
Clock                   Period          Waveform
----------------------------------------------------
core_clock            3.000000    0.000000  1.500000

===========================================================================
report_clock_latency
============================================================================
Clock core_clock
rise -> rise
    min     max
0.000000 0.000000 source latency
0.535477         network latency _424_/CLK
        0.543679 network latency _397_/CLK
---------------
0.535477 0.543679 latency
        0.008202 skew

fall -> fall
    min     max
0.000000 0.000000 source latency
0.560283         network latency _424_/CLK
        0.567236 network latency _397_/CLK
---------------
0.560283 0.567236 latency
        0.006954 skew



===========================================================================
report_clock_min_period
============================================================================
core_clock period_min = 2.78 fmax = 360.05
