
===========================================================================
 report_power
============================================================================
======================= min_ss_100C_1v60 Corner ===================================

Group                    Internal    Switching      Leakage        Total
                            Power        Power        Power        Power (Watts)
------------------------------------------------------------------------
Sequential           8.411799e-04 2.873705e-05 1.409232e-06 8.713262e-04  43.9%
Combinational        7.955109e-05 4.219074e-05 1.594688e-06 1.233365e-04   6.2%
Clock                6.978486e-04 2.924843e-04 2.703766e-07 9.906034e-04  49.9%
Macro                0.000000e+00 0.000000e+00 0.000000e+00 0.000000e+00   0.0%
Pad                  0.000000e+00 0.000000e+00 0.000000e+00 0.000000e+00   0.0%
------------------------------------------------------------------------
Total                1.618580e-03 3.634122e-04 3.274291e-06 1.985266e-03 100.0%
                            81.5%        18.3%         0.2%

