
===========================================================================
 report_power
============================================================================
======================= nom_ss_100C_1v60 Corner ===================================

Group                    Internal    Switching      Leakage        Total
                            Power        Power        Power        Power (Watts)
------------------------------------------------------------------------
Sequential           8.407271e-04 2.965085e-05 1.409232e-06 8.717872e-04  43.6%
Combinational        7.955607e-05 4.356634e-05 1.594688e-06 1.247171e-04   6.2%
Clock                6.986056e-04 3.018697e-04 2.703766e-07 1.000746e-03  50.1%
Macro                0.000000e+00 0.000000e+00 0.000000e+00 0.000000e+00   0.0%
Pad                  0.000000e+00 0.000000e+00 0.000000e+00 0.000000e+00   0.0%
------------------------------------------------------------------------
Total                1.618889e-03 3.750868e-04 3.274291e-06 1.997250e-03 100.0%
                            81.1%        18.8%         0.2%

