
===========================================================================
 report_power
============================================================================
======================= max_ss_100C_1v60 Corner ===================================

Group                    Internal    Switching      Leakage        Total
                            Power        Power        Power        Power (Watts)
------------------------------------------------------------------------
Sequential           8.401864e-04 3.049000e-05 1.409232e-06 8.720856e-04  43.4%
Combinational        7.953984e-05 4.493016e-05 1.594688e-06 1.260647e-04   6.3%
Clock                6.993063e-04 3.112854e-04 2.703766e-07 1.010862e-03  50.3%
Macro                0.000000e+00 0.000000e+00 0.000000e+00 0.000000e+00   0.0%
Pad                  0.000000e+00 0.000000e+00 0.000000e+00 0.000000e+00   0.0%
------------------------------------------------------------------------
Total                1.619032e-03 3.867054e-04 3.274291e-06 2.009012e-03 100.0%
                            80.6%        19.2%         0.2%

