Clock: core_clock
Sources: clk 
Generated: no
Virtual: yes
Propagated: no
Period: 3.000000

===========================================================================
report_clock_properties
============================================================================
Clock                   Period          Waveform
----------------------------------------------------
core_clock            3.000000    0.000000  1.500000

===========================================================================
report_clock_latency
============================================================================
Clock core_clock
rise -> rise
    min     max
0.000000 0.000000 source latency
0.313836         network latency _424_/CLK
        0.319776 network latency _397_/CLK
---------------
0.313836 0.319776 latency
        0.005939 skew

fall -> fall
    min     max
0.000000 0.000000 source latency
0.324470         network latency _424_/CLK
        0.329198 network latency _397_/CLK
---------------
0.324470 0.329198 latency
        0.004728 skew



===========================================================================
report_clock_min_period
============================================================================
core_clock period_min = 1.35 fmax = 738.97
