
===========================================================================
 report_power
============================================================================
======================= nom_tt_025C_1v80 Corner ===================================

Group                    Internal    Switching      Leakage        Total
                            Power        Power        Power        Power (Watts)
------------------------------------------------------------------------
Sequential           1.091051e-03 3.804842e-05 9.489979e-10 1.129101e-03  44.7%
Combinational        9.662318e-05 5.610288e-05 1.154051e-09 1.527272e-04   6.0%
Clock                8.538644e-04 3.909832e-04 1.067339e-09 1.244849e-03  49.3%
Macro                0.000000e+00 0.000000e+00 0.000000e+00 0.000000e+00   0.0%
Pad                  0.000000e+00 0.000000e+00 0.000000e+00 0.000000e+00   0.0%
------------------------------------------------------------------------
Total                2.041538e-03 4.851345e-04 3.170393e-09 2.526676e-03 100.0%
                            80.8%        19.2%         0.0%

