
===========================================================================
 report_power
============================================================================
======================= nom_ff_n40C_1v95 Corner ===================================

Group                    Internal    Switching      Leakage        Total
                            Power        Power        Power        Power (Watts)
------------------------------------------------------------------------
Sequential           1.268721e-03 4.533032e-05 1.147413e-09 1.314053e-03  44.8%
Combinational        1.054291e-04 6.679464e-05 1.411751e-09 1.722251e-04   5.9%
Clock                9.762672e-04 4.679908e-04 1.937336e-09 1.444260e-03  49.3%
Macro                0.000000e+00 0.000000e+00 0.000000e+00 0.000000e+00   0.0%
Pad                  0.000000e+00 0.000000e+00 0.000000e+00 0.000000e+00   0.0%
------------------------------------------------------------------------
Total                2.350417e-03 5.801157e-04 4.496500e-09 2.930537e-03 100.0%
                            80.2%        19.8%         0.0%

