Clock: core_clock
Sources: clk 
Generated: no
Virtual: yes
Propagated: no
Period: 3.000000

===========================================================================
report_clock_properties
============================================================================
Clock                   Period          Waveform
----------------------------------------------------
core_clock            3.000000    0.000000  1.500000

===========================================================================
report_clock_latency
============================================================================
Clock core_clock
rise -> rise
    min     max
0.000000 0.000000 source latency
0.216197         network latency _424_/CLK
        0.220310 network latency _397_/CLK
---------------
0.216197 0.220310 latency
        0.004113 skew

fall -> fall
    min     max
0.000000 0.000000 source latency
0.222030         network latency _424_/CLK
        0.225549 network latency _397_/CLK
---------------
0.222030 0.225549 latency
        0.003519 skew



===========================================================================
report_clock_min_period
============================================================================
core_clock period_min = 0.82 fmax = 1225.71
